<h1>my title</h1>
<p>A single text</p>
<h2>now a subtitle</h2>
<p>An other text</p>
<pre>
    my block below
</pre>