<div class="friendly_fenced_tabs">
    <ul class="friendly_fenced_tabs__header">
        <li class="friendly_fenced_tabs__title">
            My custom title
        </li>
    </ul>
    <ul class="friendly_fenced_tabs__content">
        <li class="friendly_fenced_tabs__item">
            <pre><code>example of block</code></pre>
        </li>
    </ul>
</div>