<div class="my-custom-classname"
     data-foo="bar">
    my example of block
</div>
