<pre>
    <code>
        my example of block
        lorem ipsum
        lorem ipsum
    </code>
</pre>