<div class="friendly_fenced_tabs">
    <ul class="friendly_fenced_tabs__header">
        <li class="friendly_fenced_tabs__title">
            Python
        </li>
        <li class="friendly_fenced_tabs__title">
            Python
        </li>
    </ul>
    <ul class="friendly_fenced_tabs__content">
        <li class="friendly_fenced_tabs__item">
            <pre><code>print "Hi Im' from python 2.6"</code></pre>
        </li>
        <li class="friendly_fenced_tabs__item">
            <pre><code>print ("Hi Im' from python 3.6")</code></pre>
        </li>
    </ul>
</div>